=== frames before
1440x900 home: {"추정주사율Hz":10,"평균fps":9.5,"p95프레임ms":183.3,"최악프레임ms":183.4,"끊긴프레임수":6,"총프레임":58}
1440x900 drop: {"추정주사율Hz":60,"평균fps":57.7,"p95프레임ms":16.8,"최악프레임ms":50,"끊긴프레임수":13,"총프레임":347}
1440x900 about: {"추정주사율Hz":60,"평균fps":59.8,"p95프레임ms":16.7,"최악프레임ms":33.3,"끊긴프레임수":1,"총프레임":360}
1440x900 ending: {"추정주사율Hz":30,"평균fps":24.7,"p95프레임ms":133.2,"최악프레임ms":450.1,"끊긴프레임수":21,"총프레임":159}
390x844 home: {"추정주사율Hz":30,"평균fps":33.2,"p95프레임ms":50,"최악프레임ms":83.4,"끊긴프레임수":28,"총프레임":200}
390x844 drop: {"추정주사율Hz":60,"평균fps":60,"p95프레임ms":16.7,"최악프레임ms":16.8,"끊긴프레임수":0,"총프레임":361}
390x844 about: {"추정주사율Hz":60,"평균fps":60,"p95프레임ms":16.8,"최악프레임ms":16.8,"끊긴프레임수":0,"총프레임":361}
390x844 ending: {"추정주사율Hz":60,"평균fps":40.7,"p95프레임ms":16.8,"최악프레임ms":966.7,"끊긴프레임수":9,"총프레임":246}
저장 frames-before.json
=== frames after
1440x900 home: {"추정주사율Hz":10,"평균fps":8.8,"p95프레임ms":183.4,"최악프레임ms":250,"끊긴프레임수":8,"총프레임":53}
1440x900 drop: {"추정주사율Hz":60,"평균fps":56.3,"p95프레임ms":33.3,"최악프레임ms":66.6,"끊긴프레임수":18,"총프레임":339}
1440x900 about: {"추정주사율Hz":60,"평균fps":60,"p95프레임ms":16.7,"최악프레임ms":16.8,"끊긴프레임수":0,"총프레임":361}
1440x900 ending: {"추정주사율Hz":30,"평균fps":25.2,"p95프레임ms":100.1,"최악프레임ms":516.7,"끊긴프레임수":18,"총프레임":155}
390x844 home: {"추정주사율Hz":30,"평균fps":31.7,"p95프레임ms":50.1,"최악프레임ms":116.7,"끊긴프레임수":25,"총프레임":191}
390x844 drop: {"추정주사율Hz":60,"평균fps":59.2,"p95프레임ms":16.8,"최악프레임ms":50,"끊긴프레임수":4,"총프레임":356}
390x844 about: {"추정주사율Hz":60,"평균fps":60,"p95프레임ms":16.7,"최악프레임ms":16.8,"끊긴프레임수":0,"총프레임":361}
390x844 ending: {"추정주사율Hz":60,"평균fps":41,"p95프레임ms":16.8,"최악프레임ms":850,"끊긴프레임수":11,"총프레임":248}
저장 frames-after.json
=== cls before
1440x900 누적CLS 1.367 (로드 직후 0.0000) · 이동 33회 · 원인 [["div.studio-host",1.3544],["div.signal-passage",1],["button.original-table__work",0.0356]]
390x844 누적CLS 0.3112 (로드 직후 0.0000) · 이동 26회 · 원인 [["div.sofa-journey__cushion",0.1451],["img.studio-host__swap",0.0893],["img.sofa-journey__bg",0.0721]]
저장 cls-before.json
=== cls after
1440x900 누적CLS 1.3663 (로드 직후 0.0000) · 이동 32회 · 원인 [["div.studio-host",1.3544],["div.signal-passage",1],["button.original-table__work",0.0356]]
390x844 누적CLS 0.2208 (로드 직후 0.0000) · 이동 4회 · 원인 [["div.sofa-journey__cushion",0.1451],["img.sofa-journey__bg",0.0721],["button.original-table__work",0.0144]]
저장 cls-after.json
=== journeys before
저장 journeys-before.json

── 1_Windows노트북_125%_마우스휠
{
 "뷰포트": "1536x864 @1.25x",
 "페이지에러": [],
 "첫화면": {
  "한국어글자수": 20,
  "보이는CTA": [
   "CH 01 INTRO",
   "CH 02 WHO WE ARE",
   "CH 03 ARCHIVE",
   "CH 04 CONTACT",
   "REPLAY SIGNAL",
   "SCROLL TO ENTER"
  ]
 },
 "한칸이동": {
  "휠한칸deltaY": 100,
  "실제이동px": 616,
  "뷰포트배수": 0.71
 },
 "CONTACT까지": {
  "휠굴린횟수": 120,
  "걸린초": 22.2,
  "도달": false
 },
 "편지함": {
  "열림": true,
  "이름칸": true
 },
 "배율125에서겹침": [
  "input.hp"
 ]
}

── 2_MacBook_트랙패드_120Hz
{
 "뷰포트": "1512x982 @2x",
 "페이지에러": [],
 "미세스크롤": {
  "보낸총delta": 100,
  "실제이동px": 6285,
  "걸린ms": 9626
 },
 "관성플릭": {
  "보낸총delta": 331,
  "실제이동px": 6285,
  "멈추기까지ms": 10210
 },
 "CONTACT까지": {
  "휠굴린횟수": 300,
  "걸린초": 28.1,
  "도달": false
 },
 "프레임": {
  "표본": 47,
  "평균fps": 7.2,
  "p95프레임ms": 250,
  "50ms초과": 44
 }
}

── 3_키보드만
{
 "뷰포트": "1440x900",
 "페이지에러": [],
 "탭순서": [
  {
   "이름": "Skip to the archive",
   "태그": "a",
   "화면밖": false,
   "과녁": 56,
   "초점표시": true
  },
  {
   "이름": "SCROLL TO ENTER",
   "태그": "a",
   "화면밖": false,
   "과녁": 44,
   "초점표시": true
  },
  {
   "이름": "→",
   "태그": "button",
   "화면밖": true,
   "과녁": 44,
   "초점표시": true
  },
  {
   "이름": "IFRAME",
   "태그": "iframe",
   "화면밖": false,
   "과녁": 824,
   "초점표시": false
  },
  {
   "이름": "IFRAME",
   "태그": "iframe",
   "화면밖": false,
   "과녁": 824,
   "초점표시": false
  },
  {
   "이름": "IFRAME",
   "태그": "iframe",
   "화면밖": false,
   "과녁": 824,
   "초점표시": false
  },
  {
   "이름": "IFRAME",
   "태그": "iframe",
   "화면밖": false,
   "과녁": 824,
   "초점표시": false
  },
  {
   "이름": "IFRAME",
   "태그": "iframe",
   "화면밖": false,
   "과녁": 824,
   "초점표시": false
  },
  {
   "이름": "IFRAME",
   "태그": "iframe",
   "화면밖": false,
   "과녁": 824,
   "초점표시": false
  },
  {
   "이름": "IFRAME",
   "태그": "iframe",
   "화면밖": false,
   "과녁": 824,
   "초점표시": false
  },
  {
   "이름": "IFRAME",
   "태그": "iframe",
   "화면밖": false,
   "과녁": 824,
   "초점표시": false
  },
  {
   "이름": "IFRAME",
   "태그": "iframe",
   "화면밖": false,
   "과녁": 824,
   "초점표시": false
  },
  {
   "이름": "Open LETTER",
   "태그": "button",
   "화면밖": true,
   "과녁": 363,
   "초점표시": false
  },
  {
   "이름": "Open IDENTITY",
   "태그": "button",
   "화면밖": false,
   "과녁": 379,
   "초점표시": false
  },
  {
   "이름": 

── 4_카카오톡인앱_모바일_한손
{
 "뷰포트": "iPhone 13 (390x844 @3x) · UA 에 KAKAOTALK",
 "페이지에러": [],
 "실패요청4xx": [],
 "첫화면": {
  "가로넘침px": 0,
  "한국어글자수": 20,
  "메뉴항목": [
   {
    "글": "",
    "오른쪽끝": 209,
    "화면폭": 390,
    "잘림": false
   },
   {
    "글": "",
    "오른쪽끝": 271,
    "화면폭": 390,
    "잘림": false
   },
   {
    "글": "",
    "오른쪽끝": 336,
    "화면폭": 390,
    "잘림": false
   },
   {
    "글": "",
    "오른쪽끝": 398,
    "화면폭": 390,
    "잘림": true
   }
  ],
  "로고폭": 132
 },
 "엄지사정권": {
  "사정권안": [
   {
    "이름": "SCROLL TO ENTER",
    "과녁": 44,
    "y": 604
   }
  ],
  "사정권밖": [
   {
    "이름": "CH 01 INTRO",
    "과녁": 44,
    "y": 250
   },
   {
    "이름": "CH 02 WHO WE ARE",
    "과녁": 44,
    "y": 250
   },
   {
    "이름": "CH 03 ARCHIVE",
    "과녁": 44,
    "y": 250
   },
   {
    "이름": "CH 04 CONTACT",
    "과녁": 44,
    "y": 250
   },
   {
    "이름": "REPLAY SIGNAL",
    "과녁": 44,
    "y": 297
   }
  ]
 },
 "CONTACT까지_터치": {
  "스와이프횟수": 20,
  "걸린초": 8,
  "도달": true
 },
 "편지함": {
  "열림": true,
  "입력칸": [
   {
    "이름": "name",
    "글자크기": "16px",
    "높이": 44
   },
   {
    "이름": "email",
    "글자크기": "16px",
    "높이": 44
   },
   {
    "이름": "phone",
    "글자크기": "16px",
    "높이": 44
   },
   {
    "이름": "message",
    "글자크기": "16px",
    "높이": 122
   },
   {
    "이름": "_gotcha",
    "글자크기": "16px",
    "높이": 30
   },
   {
    "이름": "privacy_consent",
    "글자크기": "10.5px",
    "높이": 24
   }
  ],
  "동의체크박스": {

=== journeys after
저장 journeys-after.json

── 1_Windows노트북_125%_마우스휠
{
 "뷰포트": "1536x864 @1.25x",
 "페이지에러": [],
 "첫화면": {
  "한국어글자수": 20,
  "보이는CTA": [
   "CH 01 INTRO",
   "CH 02 WHO WE ARE",
   "CH 03 ARCHIVE",
   "CH 04 CONTACT",
   "REPLAY SIGNAL",
   "SCROLL TO ENTER"
  ]
 },
 "한칸이동": {
  "휠한칸deltaY": 100,
  "실제이동px": 745,
  "뷰포트배수": 0.86
 },
 "CONTACT까지": {
  "휠굴린횟수": 120,
  "걸린초": 22.8,
  "도달": false
 },
 "편지함": {
  "열림": true,
  "이름칸": true
 },
 "배율125에서겹침": [
  "input.hp"
 ]
}

── 2_MacBook_트랙패드_120Hz
{
 "뷰포트": "1512x982 @2x",
 "페이지에러": [],
 "미세스크롤": {
  "보낸총delta": 100,
  "실제이동px": 6285,
  "걸린ms": 10667
 },
 "관성플릭": {
  "보낸총delta": 331,
  "실제이동px": 6285,
  "멈추기까지ms": 10055
 },
 "CONTACT까지": {
  "휠굴린횟수": 300,
  "걸린초": 28.8,
  "도달": false
 },
 "프레임": {
  "표본": 42,
  "평균fps": 6.5,
  "p95프레임ms": 299.9,
  "50ms초과": 42
 }
}

── 3_키보드만
{
 "뷰포트": "1440x900",
 "페이지에러": [],
 "탭순서": [
  {
   "이름": "본문 바로가기 Skip to content",
   "태그": "a",
   "화면밖": false,
   "과녁": 56,
   "초점표시": true
  },
  {
   "이름": "SCROLL TO ENTER",
   "태그": "a",
   "화면밖": false,
   "과녁": 44,
   "초점표시": true
  },
  {
   "이름": "→",
   "태그": "button",
   "화면밖": true,
   "과녁": 44,
   "초점표시": true
  },
  {
   "이름": "IFRAME",
   "태그": "iframe",
   "화면밖": false,
   "과녁": 824,
   "초점표시": false
  },
  {
   "이름": "IFRAME",
   "태그": "iframe",
   "화면밖": false,
   "과녁": 824,
   "초점표시": false
  },
  {
   "이름": "IFRAME",
   "태그": "iframe",
   "화면밖": false,
   "과녁": 824,
   "초점표시": false
  },
  {
   "이름": "IFRAME",
   "태그": "iframe",
   "화면밖": false,
   "과녁": 824,
   "초점표시": false
  },
  {
   "이름": "IFRAME",
   "태그": "iframe",
   "화면밖": false,
   "과녁": 824,
   "초점표시": false
  },
  {
   "이름": "IFRAME",
   "태그": "iframe",
   "화면밖": false,
   "과녁": 824,
   "초점표시": false
  },
  {
   "이름": "IFRAME",
   "태그": "iframe",
   "화면밖": false,
   "과녁": 824,
   "초점표시": false
  },
  {
   "이름": "IFRAME",
   "태그": "iframe",
   "화면밖": false,
   "과녁": 824,
   "초점표시": false
  },
  {
   "이름": "IFRAME",
   "태그": "iframe",
   "화면밖": false,
   "과녁": 824,
   "초점표시": false
  },
  {
   "이름": "LETTER 자세히 보기",
   "태그": "button",
   "화면밖": true,
   "과녁": 362,
   "초점표시": false
  },
  {
   "이름": "IDENTITY 자세히 보기",
   "태그": "button",
   "화면밖": true,
   "과녁": 379,
   "초점표시": false
  },
  {
  

── 4_카카오톡인앱_모바일_한손
{
 "뷰포트": "iPhone 13 (390x844 @3x) · UA 에 KAKAOTALK",
 "페이지에러": [],
 "실패요청4xx": [],
 "첫화면": {
  "가로넘침px": 0,
  "한국어글자수": 20,
  "메뉴항목": [
   {
    "글": "",
    "오른쪽끝": 181,
    "화면폭": 390,
    "잘림": false
   },
   {
    "글": "",
    "오른쪽끝": 243,
    "화면폭": 390,
    "잘림": false
   },
   {
    "글": "",
    "오른쪽끝": 307,
    "화면폭": 390,
    "잘림": false
   },
   {
    "글": "",
    "오른쪽끝": 370,
    "화면폭": 390,
    "잘림": false
   }
  ],
  "로고폭": 112
 },
 "엄지사정권": {
  "사정권안": [
   {
    "이름": "SCROLL TO ENTER",
    "과녁": 44,
    "y": 604
   }
  ],
  "사정권밖": [
   {
    "이름": "CH 01 INTRO",
    "과녁": 44,
    "y": 250
   },
   {
    "이름": "CH 02 WHO WE ARE",
    "과녁": 44,
    "y": 250
   },
   {
    "이름": "CH 03 ARCHIVE",
    "과녁": 44,
    "y": 250
   },
   {
    "이름": "CH 04 CONTACT",
    "과녁": 44,
    "y": 250
   },
   {
    "이름": "REPLAY SIGNAL",
    "과녁": 44,
    "y": 297
   }
  ]
 },
 "CONTACT까지_터치": {
  "스와이프횟수": 20,
  "걸린초": 7.3,
  "도달": true
 },
 "편지함": {
  "열림": true,
  "입력칸": [
   {
    "이름": "name",
    "글자크기": "16px",
    "높이": 44
   },
   {
    "이름": "email",
    "글자크기": "16px",
    "높이": 44
   },
   {
    "이름": "phone",
    "글자크기": "16px",
    "높이": 44
   },
   {
    "이름": "message",
    "글자크기": "16px",
    "높이": 122
   },
   {
    "이름": "_gotcha",
    "글자크기": "16px",
    "높이": 30
   },
   {
    "이름": "privacy_consent",
    "글자크기": "10.5px",
    "높이": 24
   }
  ],
  "동의체크박스":
=== T after
1440x900: 콘솔에러 2 · 실패요청 5 · 가로넘침 0px · 문서높이 30822px
390x844: 콘솔에러 2 · 실패요청 5 · 가로넘침 0px · 문서높이 25148px
저장: /home/user/tva-site/audit/measurements/T-after.json
=== CHAIN DONE
