=== verify2 after
── 입력칸 글자 {"320":[{"이름":"name","px":16},{"이름":"email","px":16},{"이름":"phone","px":16},{"이름":"message","px":16}],"360":[{"이름":"name","px":16},{"이름":"email","px":16},{"이름":"phone","px":16},{"이름":"message","px":16}],"390":[{"이름":"name","px":16},{"이름":"email","px":16},{"이름":"phone","px":16},{"이름":"message","px":16}],"414":[{"이름":"name","px":16},{"이름":"email","px":16},{"이름":"phone","px":16},{"이름":"message","px":16}],"768":[{"이름":"name","px":16},{"이름":"email","px":16},{"이름":"phone","px":16},{"이름":"message","px":16}]}
── 상단바
┌─────────┬──────┬─────────┬─────────────┬────────┬──────────┬───────────┬──────┐
│ (index) │ 폭   │ 표시    │ 그림        │ 화면밖 │ 글자겹침 │ 현재      │ 넘침 │
├─────────┼──────┼─────────┼─────────────┼────────┼──────────┼───────────┼──────┤
│ 0       │ 320  │ 'block' │ '359~387'   │ true   │ '-'      │ 'RECORDS' │ '-'  │
│ 1       │ 360  │ 'block' │ '399~427'   │ true   │ '-'      │ 'RECORDS' │ '-'  │
│ 2       │ 390  │ 'block' │ '429~457'   │ true   │ '-'      │ 'RECORDS' │ '-'  │
│ 3       │ 414  │ 'block' │ '453~481'   │ true   │ '-'      │ 'RECORDS' │ '-'  │
│ 4       │ 480  │ 'block' │ '519~547'   │ true   │ '-'      │ 'RECORDS' │ '-'  │
│ 5       │ 560  │ 'block' │ '319~343'   │ false  │ '-'      │ 'RECORDS' │ '-'  │
│ 6       │ 640  │ 'block' │ '357~385'   │ false  │ '-'      │ 'RECORDS' │ '-'  │
│ 7       │ 700  │ 'block' │ '387~415'   │ false  │ '-'      │ 'RECORDS' │ '-'  │
│ 8       │ 760  │ 'block' │ '417~445'   │ false  │ '-'      │ 'RECORDS' │ '-'  │
│ 9       │ 768  │ 'block' │ '463~492'   │ false  │ '-'      │ 'RECORDS' │ '-'  │
│ 10      │ 900  │ 'block' │ '529~564'   │ false  │ '-'      │ 'RECORDS' │ '-'  │
│ 11      │ 1024 │ 'block' │ '595~630'   │ false  │ '-'      │ 'RECORDS' │ '-'  │
│ 12      │ 1440 │ 'block' │ '814~849'   │ false  │ '-'      │ 'RECORDS' │ '-'  │
│ 13      │ 1920 │ 'block' │ '1068~1103' │ false  │ '-'      │ 'RECORDS' │ '-'  │
└─────────┴──────┴─────────┴─────────────┴────────┴──────────┴───────────┴──────┘
── 중복 주소 [
 {
  "파일": "/brand-mark.css",
  "주소들": [
   "?v=eternal-beam-r29",
   "?v=eb-20260912"
  ]
 },
 {
  "파일": "/assets/goya/idle.png",
  "주소들": [
   "?v=eternal-beam-r51",
   "?v=eternal-beam-r18",
   "?v=eternal-beam-r51eternal-beam-r51",
   "?v=eternal-beam-r98"
  ]
 },
 {
  "파일": "/assets/goya/sit.png",
  "주소들": [
   "?v=eternal-beam-r51",
   "?v=eternal-beam-r98"
  ]
 },
 {
  "파일": "/assets/goya/walk1.png",
  "주소들": [
   "?v=eternal-beam-r18",
   "?v=eternal-beam-r51"
  ]
 }
]
── 이름표 {
 "390x844": [
  {
   "글": "Letter",
   "줄수": 1,
   "상자높이": 8,
   "줄높이": 8,
   "폭": 56
  },
  {
   "글": "Identity",
   "줄수": 1,
   "상자높이": 8,
   "줄높이": 8,
   "폭": 56
  },
  {
   "글": "Motion",
   "줄수": 1,
   "상자높이": 8,
   "줄높이": 8,
   "폭": 56
  },
  {
   "글": "Process",
   "줄수": 1,
   "상자높이": 8,
   "줄높이": 8,
   "폭": 56
  },
  {
   "글": "Process",
   "줄수": 1,
   "상자높이": 8,
   "줄높이": 8,
   "폭": 56
  },
  {
   "글": "Process",
   "줄수": 1,
   "상자높이": 8,
   "줄높이": 8,
   "폭": 56
  }
 ],
 "1440x900": [
  {
   "글": "Letter",
   "줄수": 1,
   "상자높이": 11,
   "줄높이": 11,
   "폭": 92
  },
  {
   "글": "Identity",
   "줄수": 1,
   "상자높이": 11,
   "줄높이": 11,
   "폭": 92
  },
  {
   "글": "Hologram",
   "줄수": 1,
   "상자높이": 11,
   "줄높이": 11,
   "폭": 92
  },
  {
   "글": "Archive",
   "줄수": 1,
   "상자높이": 11,
   "줄높이": 11,
   "폭": 92
  },
  {
   "글": "Process",
   "줄수": 1,
   "상자높이": 11,
   "줄높이": 11,
   "폭": 92
  },
  {
   "글": "Process",
   "줄수": 1,
   "상자높이": 11,
   "줄높이": 11,
   "폭": 92
  }
 ]
}
저장 verify2-after.json
=== verify2 before
── 입력칸 글자 {"320":[{"이름":"name","px":16},{"이름":"email","px":16},{"이름":"phone","px":16},{"이름":"message","px":16}],"360":[{"이름":"name","px":16},{"이름":"email","px":16},{"이름":"phone","px":16},{"이름":"message","px":16}],"390":[{"이름":"name","px":16},{"이름":"email","px":16},{"이름":"phone","px":16},{"이름":"message","px":16}],"414":[{"이름":"name","px":16},{"이름":"email","px":16},{"이름":"phone","px":16},{"이름":"message","px":16}],"768":[{"이름":"name","px":16},{"이름":"email","px":16},{"이름":"phone","px":16},{"이름":"message","px":16}]}
── 상단바
┌─────────┬──────┬─────────┬───────────┬────────┬───────────┬───────────┬───────────┐
│ (index) │ 폭   │ 표시    │ 그림      │ 화면밖 │ 글자겹침  │ 현재      │ 넘침      │
├─────────┼──────┼─────────┼───────────┼────────┼───────────┼───────────┼───────────┤
│ 0       │ 320  │ 'block' │ '214~242' │ false  │ 'RECORDS' │ 'RECORDS' │ 'CONTACT' │
│ 1       │ 360  │ 'block' │ '219~247' │ false  │ 'RECORDS' │ 'RECORDS' │ 'CONTACT' │
│ 2       │ 390  │ 'block' │ '226~254' │ false  │ 'RECORDS' │ 'RECORDS' │ 'CONTACT' │
│ 3       │ 414  │ 'block' │ '227~255' │ false  │ 'RECORDS' │ 'RECORDS' │ '-'       │
│ 4       │ 480  │ 'block' │ '253~281' │ false  │ 'RECORDS' │ 'RECORDS' │ '-'       │
│ 5       │ 560  │ 'block' │ '285~313' │ false  │ 'RECORDS' │ 'RECORDS' │ '-'       │
│ 6       │ 640  │ 'block' │ '317~345' │ false  │ 'RECORDS' │ 'RECORDS' │ '-'       │
│ 7       │ 700  │ 'block' │ '341~369' │ false  │ 'RECORDS' │ 'RECORDS' │ '-'       │
│ 8       │ 760  │ 'block' │ '365~393' │ false  │ 'RECORDS' │ 'RECORDS' │ '-'       │
│ 9       │ 768  │ 'block' │ '396~431' │ false  │ 'RECORDS' │ 'RECORDS' │ '-'       │
│ 10      │ 900  │ 'block' │ '451~486' │ false  │ 'RECORDS' │ 'RECORDS' │ '-'       │
│ 11      │ 1024 │ 'block' │ '503~538' │ false  │ 'RECORDS' │ 'RECORDS' │ '-'       │
│ 12      │ 1440 │ 'block' │ '678~713' │ false  │ 'RECORDS' │ 'RECORDS' │ '-'       │
│ 13      │ 1920 │ 'block' │ '877~912' │ false  │ 'RECORDS' │ 'RECORDS' │ '-'       │
└─────────┴──────┴─────────┴───────────┴────────┴───────────┴───────────┴───────────┘
── 중복 주소 [
 {
  "파일": "/assets/hero/beam-device-1920x1080.png",
  "주소들": [
   "?v=eternal-beam-r29",
   "?v=eternal-beam-r31",
   "(없음)"
  ]
 },
 {
  "파일": "/brand-mark.css",
  "주소들": [
   "?v=eternal-beam-r29",
   "?v=eternal-beam-r91"
  ]
 },
 {
  "파일": "/assets/goya/idle.png",
  "주소들": [
   "?v=eternal-beam-r29",
   "?v=eternal-beam-r18",
   "?v=eternal-beam-r51",
   "?v=eternal-beam-r98",
   "?v=eternal-beam-r14"
  ]
 },
 {
  "파일": "/assets/goya/sit.png",
  "주소들": [
   "?v=eternal-beam-r29",
   "?v=eternal-beam-r18",
   "?v=eternal-beam-r98",
   "?v=eternal-beam-r14"
  ]
 },
 {
  "파일": "/character-rig.js",
  "주소들": [
   "?v=eternal-beam-r25",
   "?v=lusion-passage-20260907-r7.h9a48721e"
  ]
 },
 {
  "파일": "/fall-welcome/actor.js",
  "주소들": [
   "?v=eternal-beam-r2",
   "?v=unified-r1.h0d1594b9"
  ]
 },
 {
  "파일": "/assets/goya/walk1.png",
  "주소들": [
   "?v=eternal-beam-r18",
   "?v=eternal-beam-r14"
  ]
 },
 {
  "파일": "/assets/goya/walk2.png",
  "주소들": [
   "?v=eternal-beam-r18",
   "?v=eternal-beam-r14"
  ]
 }
]
── 이름표 {
 "390x844": [
  {
   "글": "Planning",
   "줄수": 1,
   "상자높이": 8,
   "줄높이": 8,
   "폭": 56
  },
  {
   "글": "Spatial",
   "줄수": 1,
   "상자높이": 8,
   "줄높이": 8,
   "폭": 56
  },
  {
   "글": "Product",
   "줄수": 1,
   "상자높이": 8,
   "줄높이": 8,
   "폭": 56
  },
  {
   "글": "Our work",
   "줄수": 1,
   "상자높이": 8,
   "줄높이": 8,
   "폭": 56
  },
  {
   "글": "Our work",
   "줄수": 1,
   "상자높이": 8,
   "줄높이": 8,
   "폭": 56
  },
  {
   "글": "Our work",
   "줄수": 1,
   "상자높이": 8,
   "줄높이": 8,
   "폭": 56
  }
 ],
 "1440x900": [
  {
   "글": "Planning",
   "줄수": 1,
   "상자높이": 11,
   "줄높이": 11,
   "폭": 92
  },
  {
   "글": "Spatial",
   "줄수": 1,
   "상자높이": 11,
   "줄높이": 11,
   "폭": 92
  },
  {
   "글": "Creative",
   "줄수": 1,
   "상자높이": 11,
   "줄높이": 11,
   "폭": 92
  },
  {
   "글": "Operating",
   "줄수": 1,
   "상자높이": 11,
   "줄높이": 11,
   "폭": 92
  },
  {
   "글": "Our work",
   "줄수": 1,
   "상자높이": 11,
   "줄높이": 11,
   "폭": 92
  },
  {
   "글": "Our work",
   "줄수": 1,
   "상자높이": 11,
   "줄높이": 11,
   "폭": 92
  }
 ]
}
저장 verify2-before.json
=== cls2 after
1440x900 누적CLS 0.3718 (로드 직후 0.0000) · 이동 29회 · 원인 [["div.studio-host",0.3594],["button.original-table__work",0.0356],["img.nav-mascot",0.0032]]
390x844 누적CLS 0.2208 (로드 직후 0.0000) · 이동 3회 · 원인 [["div.sofa-journey__cushion",0.1451],["img.sofa-journey__bg",0.0721],["button.original-table__work",0.0144]]
저장 cls-after2.json
=== CHAIN2 DONE
